2025/11/12 19:45:31.617759 [Node:2] [Clock:0] [Discovery] Attempting to connect to peer 1 at localhost:5051
2025/11/12 19:45:31.617956 [Node:2] [Clock:0] [Discovery] Successfully connected to peer 1
2025/11/12 19:45:31.617970 [Node:2] [Clock:0] [Discovery] Attempting to connect to peer 3 at localhost:5053
2025/11/12 19:45:31.618019 [Node:2] [Clock:0] [Discovery] Successfully connected to peer 3
2025/11/12 19:45:31.619099 [Node:2] [Clock:1] [Startup] Node started on localhost:5052
2025/11/12 19:45:44.623685 [Node:2] [Clock:2] [Request] Requesting Critical Section at time 2
2025/11/12 19:45:44.623749 [Node:2] [Clock:2] [Send] Sending REQUEST to 3 with timestamp 2
2025/11/12 19:45:44.623754 [Node:2] [Clock:2] [Send] Sending REQUEST to 1 with timestamp 2
2025/11/12 19:45:44.624116 [Node:2] [Clock:2] [Grant] Received grant 1/2
2025/11/12 19:45:44.624132 [Node:2] [Clock:2] [Grant] Received grant 2/2
2025/11/12 19:45:44.624137 [Node:2] [Clock:2] [Enter] Entering Critical Section
2025/11/12 19:45:44.624151 [Node:2] [Clock:2] [CriticalSection] Executing critical operation
2025/11/12 19:45:46.624964 [Node:2] [Clock:2] [CriticalSection] Completed critical operation
2025/11/12 19:45:46.625008 [Node:2] [Clock:3] [Release] Released Critical Section, sending 0 deferred replies
2025/11/12 19:45:47.911916 [Node:2] [Clock:5] [Receive] Received REQUEST from 1 with timestamp 4
2025/11/12 19:45:47.911931 [Node:2] [Clock:5] [Grant] Granting REQUEST to 1 immediately
2025/11/12 19:45:48.072545 [Node:2] [Clock:7] [Receive] Received REQUEST from 3 with timestamp 6
2025/11/12 19:45:48.072564 [Node:2] [Clock:7] [Grant] Granting REQUEST to 3 immediately
2025/11/12 19:45:50.625703 [Node:2] [Clock:8] [Request] Requesting Critical Section at time 8
2025/11/12 19:45:50.625759 [Node:2] [Clock:8] [Send] Sending REQUEST to 3 with timestamp 8
2025/11/12 19:45:50.625767 [Node:2] [Clock:8] [Send] Sending REQUEST to 1 with timestamp 8
2025/11/12 19:45:50.626062 [Node:2] [Clock:8] [Defer] 3 deferred our request (will Reply later)
2025/11/12 19:45:50.626093 [Node:2] [Clock:8] [Grant] Received grant 1/2
2025/11/12 19:45:51.914009 [Node:2] [Clock:9] [Receive] Received REPLY from 3
2025/11/12 19:45:51.914064 [Node:2] [Clock:9] [Grant] Received grant 2/2
2025/11/12 19:45:51.914073 [Node:2] [Clock:9] [Enter] Entering Critical Section
2025/11/12 19:45:51.914090 [Node:2] [Clock:9] [CriticalSection] Executing critical operation
2025/11/12 19:45:53.913749 [Node:2] [Clock:12] [Receive] Received REQUEST from 1 with timestamp 11
2025/11/12 19:45:53.913764 [Node:2] [Clock:12] [Defer] Deferring reply to 1 (MyState:2, MyTime:8, TheirTime:11)
2025/11/12 19:45:53.914842 [Node:2] [Clock:12] [CriticalSection] Completed critical operation
2025/11/12 19:45:53.914865 [Node:2] [Clock:13] [Release] Released Critical Section, sending 1 deferred replies
2025/11/12 19:45:53.914882 [Node:2] [Clock:14] [Send] Sending deferred REPLY to 1
2025/11/12 19:45:56.915894 [Node:2] [Clock:15] [Request] Requesting Critical Section at time 15
2025/11/12 19:45:56.915922 [Node:2] [Clock:15] [Send] Sending REQUEST to 3 with timestamp 15
2025/11/12 19:45:56.915937 [Node:2] [Clock:15] [Send] Sending REQUEST to 1 with timestamp 15
2025/11/12 19:45:56.915925 [Node:2] [Clock:16] [Receive] Received REQUEST from 3 with timestamp 13
2025/11/12 19:45:56.915968 [Node:2] [Clock:16] [Grant] Granting REQUEST to 3 immediately
2025/11/12 19:45:56.916083 [Node:2] [Clock:16] [Grant] Received grant 1/2
2025/11/12 19:45:56.916135 [Node:2] [Clock:16] [Defer] 3 deferred our request (will Reply later)
2025/11/12 19:45:58.917177 [Node:2] [Clock:17] [Receive] Received REPLY from 3
2025/11/12 19:45:58.917198 [Node:2] [Clock:17] [Grant] Received grant 2/2
2025/11/12 19:45:58.917209 [Node:2] [Clock:17] [Enter] Entering Critical Section
2025/11/12 19:45:58.917224 [Node:2] [Clock:17] [CriticalSection] Executing critical operation
2025/11/12 19:46:00.917697 [Node:2] [Clock:17] [CriticalSection] Completed critical operation
2025/11/12 19:46:00.917739 [Node:2] [Clock:18] [Release] Released Critical Section, sending 0 deferred replies
2025/11/12 19:46:00.917965 [Node:2] [Clock:19] [Receive] Received REQUEST from 1 with timestamp 17
2025/11/12 19:46:00.917987 [Node:2] [Clock:19] [Grant] Granting REQUEST to 1 immediately
2025/11/12 19:46:03.918895 [Node:2] [Clock:21] [Receive] Received REQUEST from 3 with timestamp 20
2025/11/12 19:46:03.918913 [Node:2] [Clock:21] [Grant] Granting REQUEST to 3 immediately
